AR lfsr behavioral "C:/Users/PC/Documents/Obsidian Vault/University Courses/Year 3/Semester 1/EEE40002/Labs/Lab 3/VHDL/Part2/Part2_final.vhd" sub00/vhpl03 1684109886
EN random_number_generator NULL "C:/Users/PC/Documents/Obsidian Vault/University Courses/Year 3/Semester 1/EEE40002/Labs/Lab 3/VHDL/Part2/Part2_final.vhd" sub00/vhpl00 1684096340
AR lfsr behavior "C:/Users/PC/Documents/Obsidian Vault/University Courses/Year 3/Semester 1/EEE40002/Labs/Lab 3/VHDL/Part2/Part2_final.vhd" sub00/vhpl04 1684118634
EN lfsr NULL "C:/Users/PC/Documents/Obsidian Vault/University Courses/Year 3/Semester 1/EEE40002/Labs/Lab 3/VHDL/Part2/Part2_final.vhd" sub00/vhpl02 1684118633
AR random_number_generator rtl "C:/Users/PC/Documents/Obsidian Vault/University Courses/Year 3/Semester 1/EEE40002/Labs/Lab 3/VHDL/Part2/Part2_final.vhd" sub00/vhpl01 1684096341
