V3 4
FL "C:/Users/PC/Documents/Obsidian Vault/University Courses/Year 3/Semester 1/EEE40002/Labs/Lab 3/VHDL/Part2/Part2_final.vhd" 2023/05/15.12:43:39 P.20131013
EN work/LFSR 1684118633 \
      FL "C:/Users/PC/Documents/Obsidian Vault/University Courses/Year 3/Semester 1/EEE40002/Labs/Lab 3/VHDL/Part2/Part2_final.vhd" \
      PB ieee/std_logic_1164 1381692176
AR work/lfsr/behavior 1684118634 \
      FL "C:/Users/PC/Documents/Obsidian Vault/University Courses/Year 3/Semester 1/EEE40002/Labs/Lab 3/VHDL/Part2/Part2_final.vhd" \
      EN work/LFSR 1684118633
