EN random_a NULL "C:/Users/PC/Documents/Obsidian Vault/University Courses/Year 3/Semester 1/EEE40002/Labs/Lab 3/VHDL/Lab3/Part_1.vhd" sub00/vhpl00 1684029475
AR memory rtl "C:/Users/PC/Documents/Obsidian Vault/University Courses/Year 3/Semester 1/EEE40002/Labs/Lab 3/VHDL/Lab3/Part_1.vhd" sub00/vhpl05 1684094368
EN memory NULL "C:/Users/PC/Documents/Obsidian Vault/University Courses/Year 3/Semester 1/EEE40002/Labs/Lab 3/VHDL/Lab3/Part_1.vhd" sub00/vhpl04 1684094367
AR random_a behave "C:/Users/PC/Documents/Obsidian Vault/University Courses/Year 3/Semester 1/EEE40002/Labs/Lab 3/VHDL/Lab3/Part_1.vhd" sub00/vhpl01 1684029476
AR memory_segment arch "C:/Users/PC/Documents/Obsidian Vault/University Courses/Year 3/Semester 1/EEE40002/Labs/Lab 3/VHDL/Lab3/Part_1.vhd" sub00/vhpl03 1684082531
EN memory_segment NULL "C:/Users/PC/Documents/Obsidian Vault/University Courses/Year 3/Semester 1/EEE40002/Labs/Lab 3/VHDL/Lab3/Part_1.vhd" sub00/vhpl02 1684082530
