V3 4
FL "C:/Users/PC/Documents/Obsidian Vault/University Courses/Year 3/Semester 1/EEE40002/Labs/Lab 3/VHDL/Lab3/Part_1.vhd" 2023/05/15.05:59:12 P.20131013
EN work/memory 1684094367 \
      FL "C:/Users/PC/Documents/Obsidian Vault/University Courses/Year 3/Semester 1/EEE40002/Labs/Lab 3/VHDL/Lab3/Part_1.vhd" \
      PB ieee/std_logic_1164 1381692176 PB ieee/NUMERIC_STD 1381692181
AR work/memory/rtl 1684094368 \
      FL "C:/Users/PC/Documents/Obsidian Vault/University Courses/Year 3/Semester 1/EEE40002/Labs/Lab 3/VHDL/Lab3/Part_1.vhd" \
      EN work/memory 1684094367
